---
source: crates/corral-client/src/presentation_tests.rs
assertion_line: 411
expression: "rendered(&external(\"unknown\", None))"
---
Runtime unverified · Status unknown
  Running outside Corral
  Status is limited until new activity arrives from this session.
  Screen unavailable
  [open refused] Screen unavailable
